// Jest Snapshot v1, https://goo.gl/fbAQLP

exports[`Home page contains the Header component 1`] = `
<header
  role="banner"
/>
`;

exports[`Home page displays paragraphs 1`] = `
<p
  class="paragraph"
>
  At our website, we aim to provide you with an intuitive and user-friendly experience. Our home page is designed to welcome you with a modern and appealing layout, offering quick access to our calculator and quotes pages. On our calculator page, you will find a versatile and efficient tool to perform various mathematical calculations. complex equations for academic or professional purposes, our calculator has got you covered. For those who find inspiration in the world of mathematics, our quotes page is a treasure trove of wisdom and motivation.
</p>
`;

exports[`Home page displays paragraphs 2`] = `
<p
  class="paragraph"
>
  At our website, we aim to provide you with an intuitive and user-friendly experience. Our home page is designed to welcome you with a modern and appealing layout, offering quick access to our calculator and quotes pages. On our calculator page, you will find a versatile and efficient tool to perform various mathematical calculations. complex equations for academic or professional purposes, our calculator has got you covered. For those who find inspiration in the world of mathematics, our quotes page is a treasure trove of wisdom and motivation.
</p>
`;

exports[`Home page displays welcome message 1`] = `
<h2
  class="welcome"
>
   Welcome to our page! 
</h2>
`;
